Archive member included to satisfy reference by file (symbol)

c:/program files (x86)/atmel/studio/7.0/toolchain/arm/arm-gnu-toolchain/bin/../lib/gcc/arm-none-eabi/5.3.1/armv6-m\libgcc.a(_udivsi3.o)
                              src/ASF/sam0/drivers/sercom/i2c/i2c_sam0/i2c_master.o (__aeabi_uidiv)
c:/program files (x86)/atmel/studio/7.0/toolchain/arm/arm-gnu-toolchain/bin/../lib/gcc/arm-none-eabi/5.3.1/armv6-m\libgcc.a(_dvmd_tls.o)
                              c:/program files (x86)/atmel/studio/7.0/toolchain/arm/arm-gnu-toolchain/bin/../lib/gcc/arm-none-eabi/5.3.1/armv6-m\libgcc.a(_udivsi3.o) (__aeabi_idiv0)
c:/program files (x86)/atmel/studio/7.0/toolchain/arm/arm-gnu-toolchain/bin/../lib/gcc/arm-none-eabi/5.3.1/armv6-m\libgcc.a(_muldi3.o)
                              src/ASF/sam0/drivers/sercom/sercom.o (__aeabi_lmul)
c:/program files (x86)/atmel/studio/7.0/toolchain/arm/arm-gnu-toolchain/bin/../lib/gcc/arm-none-eabi/5.3.1/armv6-m\libgcc.a(adddf3.o)
                              src/ASF/sam0/drivers/sercom/i2c/i2c_sam0/i2c_master.o (__aeabi_dadd)
c:/program files (x86)/atmel/studio/7.0/toolchain/arm/arm-gnu-toolchain/bin/../lib/gcc/arm-none-eabi/5.3.1/armv6-m\libgcc.a(divdf3.o)
                              src/ASF/sam0/drivers/sercom/i2c/i2c_sam0/i2c_master.o (__aeabi_ddiv)
c:/program files (x86)/atmel/studio/7.0/toolchain/arm/arm-gnu-toolchain/bin/../lib/gcc/arm-none-eabi/5.3.1/armv6-m\libgcc.a(muldf3.o)
                              src/ASF/sam0/drivers/sercom/i2c/i2c_sam0/i2c_master.o (__aeabi_dmul)
c:/program files (x86)/atmel/studio/7.0/toolchain/arm/arm-gnu-toolchain/bin/../lib/gcc/arm-none-eabi/5.3.1/armv6-m\libgcc.a(subdf3.o)
                              src/ASF/sam0/drivers/sercom/i2c/i2c_sam0/i2c_master.o (__aeabi_dsub)
c:/program files (x86)/atmel/studio/7.0/toolchain/arm/arm-gnu-toolchain/bin/../lib/gcc/arm-none-eabi/5.3.1/armv6-m\libgcc.a(fixdfsi.o)
                              src/ASF/sam0/drivers/sercom/i2c/i2c_sam0/i2c_master.o (__aeabi_d2iz)
c:/program files (x86)/atmel/studio/7.0/toolchain/arm/arm-gnu-toolchain/bin/../lib/gcc/arm-none-eabi/5.3.1/armv6-m\libgcc.a(floatunsidf.o)
                              src/ASF/sam0/drivers/sercom/i2c/i2c_sam0/i2c_master.o (__aeabi_ui2d)
c:/program files (x86)/atmel/studio/7.0/toolchain/arm/arm-gnu-toolchain/bin/../lib/gcc/arm-none-eabi/5.3.1/armv6-m\libgcc.a(_clzsi2.o)
                              c:/program files (x86)/atmel/studio/7.0/toolchain/arm/arm-gnu-toolchain/bin/../lib/gcc/arm-none-eabi/5.3.1/armv6-m\libgcc.a(adddf3.o) (__clzsi2)
c:/program files (x86)/atmel/studio/7.0/toolchain/arm/arm-gnu-toolchain/bin/../lib/gcc/arm-none-eabi/5.3.1/../../../../arm-none-eabi/lib/armv6-m\libc_nano.a(lib_a-exit.o)
                              c:/program files (x86)/atmel/studio/7.0/toolchain/arm/arm-gnu-toolchain/bin/../lib/gcc/arm-none-eabi/5.3.1/../../../../arm-none-eabi/lib/armv6-m/crt0.o (exit)
c:/program files (x86)/atmel/studio/7.0/toolchain/arm/arm-gnu-toolchain/bin/../lib/gcc/arm-none-eabi/5.3.1/../../../../arm-none-eabi/lib/armv6-m\libc_nano.a(lib_a-impure.o)
                              c:/program files (x86)/atmel/studio/7.0/toolchain/arm/arm-gnu-toolchain/bin/../lib/gcc/arm-none-eabi/5.3.1/../../../../arm-none-eabi/lib/armv6-m\libc_nano.a(lib_a-exit.o) (_global_impure_ptr)
c:/program files (x86)/atmel/studio/7.0/toolchain/arm/arm-gnu-toolchain/bin/../lib/gcc/arm-none-eabi/5.3.1/../../../../arm-none-eabi/lib/armv6-m\libc_nano.a(lib_a-init.o)
                              c:/program files (x86)/atmel/studio/7.0/toolchain/arm/arm-gnu-toolchain/bin/../lib/gcc/arm-none-eabi/5.3.1/../../../../arm-none-eabi/lib/armv6-m/crt0.o (__libc_init_array)
c:/program files (x86)/atmel/studio/7.0/toolchain/arm/arm-gnu-toolchain/bin/../lib/gcc/arm-none-eabi/5.3.1/../../../../arm-none-eabi/lib/armv6-m\libc_nano.a(lib_a-memcpy-stub.o)
                              src/ASF/sam0/drivers/sercom/sercom_interrupt.o (memcpy)
c:/program files (x86)/atmel/studio/7.0/toolchain/arm/arm-gnu-toolchain/bin/../lib/gcc/arm-none-eabi/5.3.1/../../../../arm-none-eabi/lib/armv6-m\libc_nano.a(lib_a-memset.o)
                              c:/program files (x86)/atmel/studio/7.0/toolchain/arm/arm-gnu-toolchain/bin/../lib/gcc/arm-none-eabi/5.3.1/../../../../arm-none-eabi/lib/armv6-m/crt0.o (memset)

Allocating common symbols
Common symbol       size              file

ptr_get             0x4               src/ASF/sam0/utils/stdio/read.o
ptr_put             0x4               src/ASF/sam0/utils/stdio/write.o
_sercom_instances   0x18              src/ASF/sam0/drivers/sercom/sercom_interrupt.o
_extint_dev         0x40              src/ASF/sam0/drivers/extint/extint_sam_d_r/extint.o
_current_channel    0x1               src/ASF/sam0/drivers/extint/extint_callback.o
stdio_base          0x4               src/ASF/sam0/utils/stdio/write.o

Discarded input sections

[...]
Memory Configuration

Name             Origin             Length             Attributes
rom              0x00000000         0x00040000         xr
ram              0x20000000         0x00008000         xrw
*default*        0x00000000         0xffffffff

Linker script and memory map

LOAD c:/program files (x86)/atmel/studio/7.0/toolchain/arm/arm-gnu-toolchain/bin/../lib/gcc/arm-none-eabi/5.3.1/armv6-m/crti.o
LOAD c:/program files (x86)/atmel/studio/7.0/toolchain/arm/arm-gnu-toolchain/bin/../lib/gcc/arm-none-eabi/5.3.1/armv6-m/crtbegin.o
LOAD c:/program files (x86)/atmel/studio/7.0/toolchain/arm/arm-gnu-toolchain/bin/../lib/gcc/arm-none-eabi/5.3.1/../../../../arm-none-eabi/lib/armv6-m/crt0.o
LOAD Device_Startup/startup_samd21.o
LOAD Device_Startup/system_samd21.o
LOAD src/ASF/sam0/drivers/extint/extint_sam_d_r/extint.o
LOAD src/ASF/sam0/drivers/sercom/i2c/i2c_sam0/i2c_master.o
LOAD src/ASF/sam0/drivers/sercom/i2c/i2c_sam0/i2c_master_interrupt.o
LOAD src/ASF/sam0/utils/stdio/read.o
LOAD src/ASF/sam0/utils/stdio/write.o
LOAD src/ASF/thirdparty/wireless/addons/sio2host/usb_ftdi/sio2host.o
LOAD src/ASF/sam0/drivers/sercom/usart/usart.o
LOAD src/ASF/sam0/drivers/sercom/usart/usart_interrupt.o
LOAD src/ASF/sam0/drivers/sercom/sercom.o
LOAD src/ASF/sam0/drivers/sercom/sercom_interrupt.o
LOAD src/ASF/sam0/drivers/extint/extint_callback.o
LOAD src/ASF/common2/services/delay/sam0/systick_counter.o
LOAD src/ASF/sam0/drivers/port/port.o
LOAD src/ASF/common2/boards/user_board/init.o
LOAD src/ASF/common/utils/interrupt/interrupt_sam_nvic.o
LOAD src/ASF/sam0/drivers/system/clock/clock_samd21_r21_da/clock.o
LOAD src/ASF/sam0/drivers/system/clock/clock_samd21_r21_da/gclk.o
LOAD src/ASF/sam0/drivers/system/interrupt/system_interrupt.o
LOAD src/ASF/sam0/drivers/system/pinmux/pinmux.o
LOAD src/ASF/sam0/drivers/system/system.o
LOAD src/ASF/sam0/utils/syscalls/gcc/syscalls.o
LOAD src/main.o
START GROUP
LOAD ../src/ASF/thirdparty/CMSIS/Lib/GCC\libarm_cortexM0l_math.a
LOAD c:/program files (x86)/atmel/studio/7.0/toolchain/arm/arm-gnu-toolchain/bin/../lib/gcc/arm-none-eabi/5.3.1/../../../../arm-none-eabi/lib/armv6-m\libm.a
END GROUP
START GROUP
LOAD c:/program files (x86)/atmel/studio/7.0/toolchain/arm/arm-gnu-toolchain/bin/../lib/gcc/arm-none-eabi/5.3.1/armv6-m\libgcc.a
LOAD c:/program files (x86)/atmel/studio/7.0/toolchain/arm/arm-gnu-toolchain/bin/../lib/gcc/arm-none-eabi/5.3.1/../../../../arm-none-eabi/lib/armv6-m\libc_nano.a
END GROUP
START GROUP
LOAD c:/program files (x86)/atmel/studio/7.0/toolchain/arm/arm-gnu-toolchain/bin/../lib/gcc/arm-none-eabi/5.3.1/armv6-m\libgcc.a
LOAD c:/program files (x86)/atmel/studio/7.0/toolchain/arm/arm-gnu-toolchain/bin/../lib/gcc/arm-none-eabi/5.3.1/../../../../arm-none-eabi/lib/armv6-m\libc_nano.a
END GROUP
LOAD c:/program files (x86)/atmel/studio/7.0/toolchain/arm/arm-gnu-toolchain/bin/../lib/gcc/arm-none-eabi/5.3.1/armv6-m/crtend.o
LOAD c:/program files (x86)/atmel/studio/7.0/toolchain/arm/arm-gnu-toolchain/bin/../lib/gcc/arm-none-eabi/5.3.1/armv6-m/crtn.o
                0x00002000                STACK_SIZE = DEFINED (STACK_SIZE)?STACK_SIZE:DEFINED (__stack_size__)?__stack_size__:0x2000

.text           0x00000000      0xc4c
                0x00000000                . = ALIGN (0x4)
                0x00000000                _sfixed = .
 *(.vectors .vectors.*)
 .vectors       0x00000000       0xb4 Device_Startup/startup_samd21.o
                0x00000000                exception_table
 *(.text .text.* .gnu.linkonce.t.*)
 .text          0x000000b4       0x60 c:/program files (x86)/atmel/studio/7.0/toolchain/arm/arm-gnu-toolchain/bin/../lib/gcc/arm-none-eabi/5.3.1/armv6-m/crtbegin.o
 .text.Dummy_Handler
                0x00000114        0x4 Device_Startup/startup_samd21.o
                0x00000114                DMAC_Handler
                0x00000114                HardFault_Handler
                0x00000114                AC_Handler
                0x00000114                SysTick_Handler
                0x00000114                PendSV_Handler
                0x00000114                NMI_Handler
                0x00000114                ADC_Handler
                0x00000114                TCC1_Handler
                0x00000114                TCC0_Handler
                0x00000114                RTC_Handler
                0x00000114                WDT_Handler
                0x00000114                TC4_Handler
                0x00000114                USB_Handler
                0x00000114                TC3_Handler
                0x00000114                Dummy_Handler
                0x00000114                PM_Handler
                0x00000114                SVC_Handler
                0x00000114                TCC2_Handler
                0x00000114                EVSYS_Handler
                0x00000114                I2S_Handler
                0x00000114                NVMCTRL_Handler
                0x00000114                DAC_Handler
                0x00000114                PTC_Handler
                0x00000114                TC5_Handler
                0x00000114                SYSCTRL_Handler
 .text.Reset_Handler
                0x00000118       0xf8 Device_Startup/startup_samd21.o
                0x00000118                Reset_Handler
 .text._extint_enable
                0x00000210       0x18 src/ASF/sam0/drivers/extint/extint_sam_d_r/extint.o
 .text._system_extint_init
                0x00000228       0x6c src/ASF/sam0/drivers/extint/extint_sam_d_r/extint.o
                0x00000228                _system_extint_init
 .text.SERCOM0_Handler
                0x00000294       0x10 src/ASF/sam0/drivers/sercom/sercom_interrupt.o
                0x00000294                SERCOM0_Handler
 .text.SERCOM1_Handler
                0x000002a4       0x10 src/ASF/sam0/drivers/sercom/sercom_interrupt.o
                0x000002a4                SERCOM1_Handler
 .text.SERCOM2_Handler
                0x000002b4       0x10 src/ASF/sam0/drivers/sercom/sercom_interrupt.o
                0x000002b4                SERCOM2_Handler
 .text.SERCOM3_Handler
                0x000002c4       0x10 src/ASF/sam0/drivers/sercom/sercom_interrupt.o
                0x000002c4                SERCOM3_Handler
 .text.SERCOM4_Handler
                0x000002d4       0x10 src/ASF/sam0/drivers/sercom/sercom_interrupt.o
                0x000002d4                SERCOM4_Handler
 .text.SERCOM5_Handler
                0x000002e4       0x10 src/ASF/sam0/drivers/sercom/sercom_interrupt.o
                0x000002e4                SERCOM5_Handler
 .text.EIC_Handler
                0x000002f4       0x68 src/ASF/sam0/drivers/extint/extint_callback.o
                0x000002f4                EIC_Handler
 .text.delay_init
                0x0000035c       0x40 src/ASF/common2/services/delay/sam0/systick_counter.o
                0x0000035c                delay_init
 .text.delay_cycles_ms
                0x0000039c       0x2c src/ASF/common2/services/delay/sam0/systick_counter.o
                0x0000039c                delay_cycles_ms
 .text.port_pin_set_config
                0x000003c8       0x24 src/ASF/sam0/drivers/port/port.o
                0x000003c8                port_pin_set_config
 .text.system_board_init
                0x000003ec        0x4 src/ASF/common2/boards/user_board/init.o
                0x000003ec                board_init
                0x000003ec                system_board_init
 .text.cpu_irq_enter_critical
                0x000003f0       0x40 src/ASF/common/utils/interrupt/interrupt_sam_nvic.o
                0x000003f0                cpu_irq_enter_critical
 .text.cpu_irq_leave_critical
                0x00000430       0x30 src/ASF/common/utils/interrupt/interrupt_sam_nvic.o
                0x00000430                cpu_irq_leave_critical
 .text.system_clock_source_get_hz
                0x00000460       0x90 src/ASF/sam0/drivers/system/clock/clock_samd21_r21_da/clock.o
                0x00000460                system_clock_source_get_hz
 .text.system_clock_source_osc8m_set_config
                0x000004f0       0x3c src/ASF/sam0/drivers/system/clock/clock_samd21_r21_da/clock.o
                0x000004f0                system_clock_source_osc8m_set_config
 .text.system_clock_source_enable
                0x0000052c       0xa8 src/ASF/sam0/drivers/system/clock/clock_samd21_r21_da/clock.o
                0x0000052c                system_clock_source_enable
 .text.system_clock_init
                0x000005d4       0x98 src/ASF/sam0/drivers/system/clock/clock_samd21_r21_da/clock.o
                0x000005d4                system_clock_init
 .text.system_gclk_init
                0x0000066c       0x24 src/ASF/sam0/drivers/system/clock/clock_samd21_r21_da/gclk.o
                0x0000066c                system_gclk_init
 .text.system_gclk_gen_set_config
                0x00000690       0xb8 src/ASF/sam0/drivers/system/clock/clock_samd21_r21_da/gclk.o
                0x00000690                system_gclk_gen_set_config
 .text.system_gclk_gen_enable
                0x00000748       0x44 src/ASF/sam0/drivers/system/clock/clock_samd21_r21_da/gclk.o
                0x00000748                system_gclk_gen_enable
 .text.system_gclk_gen_get_hz
                0x0000078c       0x8c src/ASF/sam0/drivers/system/clock/clock_samd21_r21_da/gclk.o
                0x0000078c                system_gclk_gen_get_hz
 .text.system_gclk_chan_enable
                0x00000818       0x30 src/ASF/sam0/drivers/system/clock/clock_samd21_r21_da/gclk.o
                0x00000818                system_gclk_chan_enable
 .text.system_gclk_chan_disable
                0x00000848       0x5c src/ASF/sam0/drivers/system/clock/clock_samd21_r21_da/gclk.o
                0x00000848                system_gclk_chan_disable
 .text.system_gclk_chan_set_config
                0x000008a4       0x1c src/ASF/sam0/drivers/system/clock/clock_samd21_r21_da/gclk.o
                0x000008a4                system_gclk_chan_set_config
 .text.system_gclk_chan_get_hz
                0x000008c0       0x34 src/ASF/sam0/drivers/system/clock/clock_samd21_r21_da/gclk.o
                0x000008c0                system_gclk_chan_get_hz
 .text._system_pinmux_config
                0x000008f4       0xa8 src/ASF/sam0/drivers/system/pinmux/pinmux.o
 .text.system_pinmux_pin_set_config
                0x0000099c       0x30 src/ASF/sam0/drivers/system/pinmux/pinmux.o
                0x0000099c                system_pinmux_pin_set_config
 .text._system_dummy_init
                0x000009cc        0x4 src/ASF/sam0/drivers/system/system.o
                0x000009cc                _system_events_init
                0x000009cc                _system_dummy_init
                0x000009cc                _system_divas_init
 .text.system_init
                0x000009d0       0x2c src/ASF/sam0/drivers/system/system.o
                0x000009d0                system_init
 .text.myBoard_init
                0x000009fc       0x3c src/main.o
                0x000009fc                myBoard_init
 .text.main     0x00000a38       0x48 src/main.o
                0x00000a38                main
 .text          0x00000a80      0x114 c:/program files (x86)/atmel/studio/7.0/toolchain/arm/arm-gnu-toolchain/bin/../lib/gcc/arm-none-eabi/5.3.1/armv6-m\libgcc.a(_udivsi3.o)
                0x00000a80                __aeabi_uidiv
                0x00000a80                __udivsi3
                0x00000b8c                __aeabi_uidivmod
 .text          0x00000b94        0x4 c:/program files (x86)/atmel/studio/7.0/toolchain/arm/arm-gnu-toolchain/bin/../lib/gcc/arm-none-eabi/5.3.1/armv6-m\libgcc.a(_dvmd_tls.o)
                0x00000b94                __aeabi_idiv0
                0x00000b94                __aeabi_ldiv0
 .text.__libc_init_array
                0x00000b98       0x4c c:/program files (x86)/atmel/studio/7.0/toolchain/arm/arm-gnu-toolchain/bin/../lib/gcc/arm-none-eabi/5.3.1/../../../../arm-none-eabi/lib/armv6-m\libc_nano.a(lib_a-init.o)
                0x00000b98                __libc_init_array
 *(.glue_7t)
 .glue_7t       0x00000be4        0x0 linker stubs
 *(.glue_7)
 .glue_7        0x00000be4        0x0 linker stubs
 *(.rodata .rodata* .gnu.linkonce.r.*)
 .rodata.system_clock_source_get_hz
                0x00000be4       0x24 src/ASF/sam0/drivers/system/clock/clock_samd21_r21_da/clock.o
 .rodata.system_clock_source_enable
                0x00000c08       0x24 src/ASF/sam0/drivers/system/clock/clock_samd21_r21_da/clock.o
 *(.ARM.extab* .gnu.linkonce.armextab.*)
                0x00000c2c                . = ALIGN (0x4)
 *(.init)
 .init          0x00000c2c        0x4 c:/program files (x86)/atmel/studio/7.0/toolchain/arm/arm-gnu-toolchain/bin/../lib/gcc/arm-none-eabi/5.3.1/armv6-m/crti.o
                0x00000c2c                _init
 .init          0x00000c30        0x8 c:/program files (x86)/atmel/studio/7.0/toolchain/arm/arm-gnu-toolchain/bin/../lib/gcc/arm-none-eabi/5.3.1/armv6-m/crtn.o
                0x00000c38                . = ALIGN (0x4)
                0x00000c38                __preinit_array_start = .
 *(.preinit_array)
                0x00000c38                __preinit_array_end = .
                0x00000c38                . = ALIGN (0x4)
                0x00000c38                __init_array_start = .
 *(SORT(.init_array.*))
 *(.init_array)
 .init_array    0x00000c38        0x4 c:/program files (x86)/atmel/studio/7.0/toolchain/arm/arm-gnu-toolchain/bin/../lib/gcc/arm-none-eabi/5.3.1/armv6-m/crtbegin.o
                0x00000c3c                __init_array_end = .
                0x00000c3c                . = ALIGN (0x4)
 *crtbegin.o(.ctors)
 *(EXCLUDE_FILE(*crtend.o) .ctors)
 *(SORT(.ctors.*))
 *crtend.o(.ctors)
                0x00000c3c                . = ALIGN (0x4)
 *(.fini)
 .fini          0x00000c3c        0x4 c:/program files (x86)/atmel/studio/7.0/toolchain/arm/arm-gnu-toolchain/bin/../lib/gcc/arm-none-eabi/5.3.1/armv6-m/crti.o
                0x00000c3c                _fini
 .fini          0x00000c40        0x8 c:/program files (x86)/atmel/studio/7.0/toolchain/arm/arm-gnu-toolchain/bin/../lib/gcc/arm-none-eabi/5.3.1/armv6-m/crtn.o
                0x00000c48                . = ALIGN (0x4)
                0x00000c48                __fini_array_start = .
 *(.fini_array)
 .fini_array    0x00000c48        0x4 c:/program files (x86)/atmel/studio/7.0/toolchain/arm/arm-gnu-toolchain/bin/../lib/gcc/arm-none-eabi/5.3.1/armv6-m/crtbegin.o
 *(SORT(.fini_array.*))
                0x00000c4c                __fini_array_end = .
 *crtbegin.o(.dtors)
 *(EXCLUDE_FILE(*crtend.o) .dtors)
 *(SORT(.dtors.*))
 *crtend.o(.dtors)
                0x00000c4c                . = ALIGN (0x4)
                0x00000c4c                _efixed = .
                [!provide]                PROVIDE (__exidx_start, .)

.vfp11_veneer   0x00000c4c        0x0
 .vfp11_veneer  0x00000c4c        0x0 linker stubs

.v4_bx          0x00000c4c        0x0
 .v4_bx         0x00000c4c        0x0 linker stubs

.iplt           0x00000c4c        0x0
 .iplt          0x00000c4c        0x0 c:/program files (x86)/atmel/studio/7.0/toolchain/arm/arm-gnu-toolchain/bin/../lib/gcc/arm-none-eabi/5.3.1/armv6-m/crtbegin.o

.eh_frame       0x00000c4c        0x0
 .eh_frame      0x00000c4c        0x0 c:/program files (x86)/atmel/studio/7.0/toolchain/arm/arm-gnu-toolchain/bin/../lib/gcc/arm-none-eabi/5.3.1/armv6-m/crtbegin.o

.rel.dyn        0x00000c4c        0x0
 .rel.iplt      0x00000c4c        0x0 c:/program files (x86)/atmel/studio/7.0/toolchain/arm/arm-gnu-toolchain/bin/../lib/gcc/arm-none-eabi/5.3.1/armv6-m/crtbegin.o

.jcr            0x00000c4c        0x0
 .jcr           0x00000c4c        0x0 c:/program files (x86)/atmel/studio/7.0/toolchain/arm/arm-gnu-toolchain/bin/../lib/gcc/arm-none-eabi/5.3.1/armv6-m/crtbegin.o

.igot.plt       0x00000c4c        0x0
 .igot.plt      0x00000c4c        0x0 c:/program files (x86)/atmel/studio/7.0/toolchain/arm/arm-gnu-toolchain/bin/../lib/gcc/arm-none-eabi/5.3.1/armv6-m/crtbegin.o

.ARM.exidx
 *(.ARM.exidx* .gnu.linkonce.armexidx.*)
                [!provide]                PROVIDE (__exidx_end, .)
                0x00000c4c                . = ALIGN (0x4)
                0x00000c4c                _etext = .

.relocate       0x20000000        0xc load address 0x00000c4c
                0x20000000                . = ALIGN (0x4)
                0x20000000                _srelocate = .
 *(.ramfunc .ramfunc.*)
 *(.data .data.*)
 .data.cycles_per_us
                0x20000000        0x4 src/ASF/common2/services/delay/sam0/systick_counter.o
 .data.cycles_per_ms
                0x20000004        0x4 src/ASF/common2/services/delay/sam0/systick_counter.o
 .data.g_interrupt_enabled
                0x20000008        0x1 src/ASF/common/utils/interrupt/interrupt_sam_nvic.o
                0x20000008                g_interrupt_enabled
                0x2000000c                . = ALIGN (0x4)
 *fill*         0x20000009        0x3 
                0x2000000c                _erelocate = .

.bss            0x2000000c       0x98 load address 0x00000c58
                0x2000000c                . = ALIGN (0x4)
                0x2000000c                _sbss = .
                0x2000000c                _szero = .
 *(.bss .bss.*)
 .bss           0x2000000c       0x1c c:/program files (x86)/atmel/studio/7.0/toolchain/arm/arm-gnu-toolchain/bin/../lib/gcc/arm-none-eabi/5.3.1/armv6-m/crtbegin.o
 .bss._sercom_interrupt_handlers
                0x20000028       0x18 src/ASF/sam0/drivers/sercom/sercom_interrupt.o
 .bss.cpu_irq_critical_section_counter
                0x20000040        0x4 src/ASF/common/utils/interrupt/interrupt_sam_nvic.o
 .bss.cpu_irq_prev_interrupt_state
                0x20000044        0x1 src/ASF/common/utils/interrupt/interrupt_sam_nvic.o
 *fill*         0x20000045        0x3 
 .bss._system_clock_inst
                0x20000048       0x18 src/ASF/sam0/drivers/system/clock/clock_samd21_r21_da/clock.o
 *(COMMON)
 COMMON         0x20000060       0x40 src/ASF/sam0/drivers/extint/extint_sam_d_r/extint.o
                0x20000060                _extint_dev
 COMMON         0x200000a0        0x1 src/ASF/sam0/drivers/extint/extint_callback.o
                0x200000a0                _current_channel
                0x200000a4                . = ALIGN (0x4)
 *fill*         0x200000a1        0x3 
                0x200000a4                _ebss = .
                0x200000a4                _ezero = .

.stack          0x200000a4     0x2004 load address 0x00000cf0
                0x200000a8                . = ALIGN (0x8)
 *fill*         0x200000a4        0x4 
                0x200000a8                _sstack = .
                0x200020a8                . = (. + STACK_SIZE)
 *fill*         0x200000a8     0x2000 
                0x200020a8                . = ALIGN (0x8)
                0x200020a8                _estack = .
                0x200020a8                . = ALIGN (0x4)
                0x200020a8                _end = .
OUTPUT(DataLoggerTests.elf elf32-littlearm)

.ARM.attributes
                0x00000000       0x28
 .ARM.attributes
                0x00000000       0x1e c:/program files (x86)/atmel/studio/7.0/toolchain/arm/arm-gnu-toolchain/bin/../lib/gcc/arm-none-eabi/5.3.1/armv6-m/crti.o
 .ARM.attributes
                0x0000001e       0x2c c:/program files (x86)/atmel/studio/7.0/toolchain/arm/arm-gnu-toolchain/bin/../lib/gcc/arm-none-eabi/5.3.1/armv6-m/crtbegin.o
 .ARM.attributes
                0x0000004a       0x32 Device_Startup/startup_samd21.o
 .ARM.attributes
                0x0000007c       0x32 src/ASF/sam0/drivers/extint/extint_sam_d_r/extint.o
 .ARM.attributes
                0x000000ae       0x32 src/ASF/sam0/drivers/sercom/sercom_interrupt.o
 .ARM.attributes
                0x000000e0       0x32 src/ASF/sam0/drivers/extint/extint_callback.o
 .ARM.attributes
                0x00000112       0x32 src/ASF/common2/services/delay/sam0/systick_counter.o
 .ARM.attributes
                0x00000144       0x32 src/ASF/sam0/drivers/port/port.o
 .ARM.attributes
                0x00000176       0x32 src/ASF/common2/boards/user_board/init.o
 .ARM.attributes
                0x000001a8       0x32 src/ASF/common/utils/interrupt/interrupt_sam_nvic.o
 .ARM.attributes
                0x000001da       0x32 src/ASF/sam0/drivers/system/clock/clock_samd21_r21_da/clock.o
 .ARM.attributes
                0x0000020c       0x32 src/ASF/sam0/drivers/system/clock/clock_samd21_r21_da/gclk.o
 .ARM.attributes
                0x0000023e       0x32 src/ASF/sam0/drivers/system/pinmux/pinmux.o
 .ARM.attributes
                0x00000270       0x32 src/ASF/sam0/drivers/system/system.o
 .ARM.attributes
                0x000002a2       0x32 src/main.o
 .ARM.attributes
                0x000002d4       0x1e c:/program files (x86)/atmel/studio/7.0/toolchain/arm/arm-gnu-toolchain/bin/../lib/gcc/arm-none-eabi/5.3.1/armv6-m\libgcc.a(_udivsi3.o)
 .ARM.attributes
                0x000002f2       0x1e c:/program files (x86)/atmel/studio/7.0/toolchain/arm/arm-gnu-toolchain/bin/../lib/gcc/arm-none-eabi/5.3.1/armv6-m\libgcc.a(_dvmd_tls.o)
 .ARM.attributes
                0x00000310       0x2c c:/program files (x86)/atmel/studio/7.0/toolchain/arm/arm-gnu-toolchain/bin/../lib/gcc/arm-none-eabi/5.3.1/../../../../arm-none-eabi/lib/armv6-m\libc_nano.a(lib_a-init.o)
 .ARM.attributes
                0x0000033c       0x1e c:/program files (x86)/atmel/studio/7.0/toolchain/arm/arm-gnu-toolchain/bin/../lib/gcc/arm-none-eabi/5.3.1/armv6-m/crtn.o

.comment        0x00000000       0x59
 .comment       0x00000000       0x59 Device_Startup/startup_samd21.o
                                 0x5a (size before relaxing)
 .comment       0x00000059       0x5a src/ASF/sam0/drivers/extint/extint_sam_d_r/extint.o
 .comment       0x00000059       0x5a src/ASF/sam0/drivers/sercom/sercom_interrupt.o
 .comment       0x00000059       0x5a src/ASF/sam0/drivers/extint/extint_callback.o
 .comment       0x00000059       0x5a src/ASF/common2/services/delay/sam0/systick_counter.o
 .comment       0x00000059       0x5a src/ASF/sam0/drivers/port/port.o
 .comment       0x00000059       0x5a src/ASF/common2/boards/user_board/init.o
 .comment       0x00000059       0x5a src/ASF/common/utils/interrupt/interrupt_sam_nvic.o
 .comment       0x00000059       0x5a src/ASF/sam0/drivers/system/clock/clock_samd21_r21_da/clock.o
 .comment       0x00000059       0x5a src/ASF/sam0/drivers/system/clock/clock_samd21_r21_da/gclk.o
 .comment       0x00000059       0x5a src/ASF/sam0/drivers/system/pinmux/pinmux.o
 .comment       0x00000059       0x5a src/ASF/sam0/drivers/system/system.o
 .comment       0x00000059       0x5a src/main.o

.debug_info     0x00000000    0x10a96
 .debug_info    0x00000000     0x3a68 Device_Startup/startup_samd21.o
 .debug_info    0x00003a68     0x2177 src/ASF/sam0/drivers/extint/extint_sam_d_r/extint.o
 .debug_info    0x00005bdf     0x2320 src/ASF/sam0/drivers/sercom/sercom_interrupt.o
 .debug_info    0x00007eff     0x10c3 src/ASF/sam0/drivers/extint/extint_callback.o
 .debug_info    0x00008fc2      0x26b src/ASF/common2/services/delay/sam0/systick_counter.o
 .debug_info    0x0000922d      0x982 src/ASF/sam0/drivers/port/port.o
 .debug_info    0x00009baf      0xa5f src/ASF/common2/boards/user_board/init.o
 .debug_info    0x0000a60e      0x1ea src/ASF/common/utils/interrupt/interrupt_sam_nvic.o
 .debug_info    0x0000a7f8     0x2d59 src/ASF/sam0/drivers/system/clock/clock_samd21_r21_da/clock.o
 .debug_info    0x0000d551     0x14d2 src/ASF/sam0/drivers/system/clock/clock_samd21_r21_da/gclk.o
 .debug_info    0x0000ea23      0xae3 src/ASF/sam0/drivers/system/pinmux/pinmux.o
 .debug_info    0x0000f506      0x17c src/ASF/sam0/drivers/system/system.o
 .debug_info    0x0000f682     0x1414 src/main.o

.debug_abbrev   0x00000000     0x1e7b
 .debug_abbrev  0x00000000      0x217 Device_Startup/startup_samd21.o
 .debug_abbrev  0x00000217      0x40f src/ASF/sam0/drivers/extint/extint_sam_d_r/extint.o
 .debug_abbrev  0x00000626      0x237 src/ASF/sam0/drivers/sercom/sercom_interrupt.o
 .debug_abbrev  0x0000085d      0x299 src/ASF/sam0/drivers/extint/extint_callback.o
 .debug_abbrev  0x00000af6      0x13e src/ASF/common2/services/delay/sam0/systick_counter.o
 .debug_abbrev  0x00000c34      0x1dc src/ASF/sam0/drivers/port/port.o
 .debug_abbrev  0x00000e10      0x1ba src/ASF/common2/boards/user_board/init.o
 .debug_abbrev  0x00000fca       0xf6 src/ASF/common/utils/interrupt/interrupt_sam_nvic.o
 .debug_abbrev  0x000010c0      0x3be src/ASF/sam0/drivers/system/clock/clock_samd21_r21_da/clock.o
 .debug_abbrev  0x0000147e      0x338 src/ASF/sam0/drivers/system/clock/clock_samd21_r21_da/gclk.o
 .debug_abbrev  0x000017b6      0x2d2 src/ASF/sam0/drivers/system/pinmux/pinmux.o
 .debug_abbrev  0x00001a88       0xbb src/ASF/sam0/drivers/system/system.o
 .debug_abbrev  0x00001b43      0x338 src/main.o

.debug_loc      0x00000000     0x2277
 .debug_loc     0x00000000       0x20 Device_Startup/startup_samd21.o
 .debug_loc     0x00000020      0x413 src/ASF/sam0/drivers/extint/extint_sam_d_r/extint.o
 .debug_loc     0x00000433      0x16c src/ASF/sam0/drivers/sercom/sercom_interrupt.o
 .debug_loc     0x0000059f      0x219 src/ASF/sam0/drivers/extint/extint_callback.o
 .debug_loc     0x000007b8       0xe4 src/ASF/common2/services/delay/sam0/systick_counter.o
 .debug_loc     0x0000089c      0x13d src/ASF/sam0/drivers/port/port.o
 .debug_loc     0x000009d9      0xef8 src/ASF/sam0/drivers/system/clock/clock_samd21_r21_da/clock.o
 .debug_loc     0x000018d1      0x4e3 src/ASF/sam0/drivers/system/clock/clock_samd21_r21_da/gclk.o
 .debug_loc     0x00001db4      0x37a src/ASF/sam0/drivers/system/pinmux/pinmux.o
 .debug_loc     0x0000212e       0x20 src/ASF/sam0/drivers/system/system.o
 .debug_loc     0x0000214e      0x129 src/main.o

.debug_aranges  0x00000000      0x348
 .debug_aranges
                0x00000000       0x28 Device_Startup/startup_samd21.o
 .debug_aranges
                0x00000028       0x50 src/ASF/sam0/drivers/extint/extint_sam_d_r/extint.o
 .debug_aranges
                0x00000078       0x60 src/ASF/sam0/drivers/sercom/sercom_interrupt.o
 .debug_aranges
                0x000000d8       0x48 src/ASF/sam0/drivers/extint/extint_callback.o
 .debug_aranges
                0x00000120       0x30 src/ASF/common2/services/delay/sam0/systick_counter.o
 .debug_aranges
                0x00000150       0x28 src/ASF/sam0/drivers/port/port.o
 .debug_aranges
                0x00000178       0x20 src/ASF/common2/boards/user_board/init.o
 .debug_aranges
                0x00000198       0x28 src/ASF/common/utils/interrupt/interrupt_sam_nvic.o
 .debug_aranges
                0x000001c0       0x78 src/ASF/sam0/drivers/system/clock/clock_samd21_r21_da/clock.o
 .debug_aranges
                0x00000238       0x80 src/ASF/sam0/drivers/system/clock/clock_samd21_r21_da/gclk.o
 .debug_aranges
                0x000002b8       0x40 src/ASF/sam0/drivers/system/pinmux/pinmux.o
 .debug_aranges
                0x000002f8       0x28 src/ASF/sam0/drivers/system/system.o
 .debug_aranges
                0x00000320       0x28 src/main.o

.debug_ranges   0x00000000      0x2e8
 .debug_ranges  0x00000000       0x18 Device_Startup/startup_samd21.o
 .debug_ranges  0x00000018       0x40 src/ASF/sam0/drivers/extint/extint_sam_d_r/extint.o
 .debug_ranges  0x00000058       0x50 src/ASF/sam0/drivers/sercom/sercom_interrupt.o
 .debug_ranges  0x000000a8       0x60 src/ASF/sam0/drivers/extint/extint_callback.o
 .debug_ranges  0x00000108       0x50 src/ASF/common2/services/delay/sam0/systick_counter.o
 .debug_ranges  0x00000158       0x18 src/ASF/sam0/drivers/port/port.o
 .debug_ranges  0x00000170       0x10 src/ASF/common2/boards/user_board/init.o
 .debug_ranges  0x00000180       0x18 src/ASF/common/utils/interrupt/interrupt_sam_nvic.o
 .debug_ranges  0x00000198       0x68 src/ASF/sam0/drivers/system/clock/clock_samd21_r21_da/clock.o
 .debug_ranges  0x00000200       0x70 src/ASF/sam0/drivers/system/clock/clock_samd21_r21_da/gclk.o
 .debug_ranges  0x00000270       0x30 src/ASF/sam0/drivers/system/pinmux/pinmux.o
 .debug_ranges  0x000002a0       0x18 src/ASF/sam0/drivers/system/system.o
 .debug_ranges  0x000002b8       0x30 src/main.o

.debug_macro    0x00000000    0x1761c
 .debug_macro   0x00000000      0x2e5 Device_Startup/startup_samd21.o
 .debug_macro   0x000002e5      0x84a Device_Startup/startup_samd21.o
 .debug_macro   0x00000b2f       0x22 Device_Startup/startup_samd21.o
 .debug_macro   0x00000b51       0x87 Device_Startup/startup_samd21.o
 .debug_macro   0x00000bd8       0x44 Device_Startup/startup_samd21.o
 .debug_macro   0x00000c1c       0xfd Device_Startup/startup_samd21.o
 .debug_macro   0x00000d19       0x22 Device_Startup/startup_samd21.o
 .debug_macro   0x00000d3b      0x1df Device_Startup/startup_samd21.o
 .debug_macro   0x00000f1a       0x40 Device_Startup/startup_samd21.o
 .debug_macro   0x00000f5a       0x3a Device_Startup/startup_samd21.o
 .debug_macro   0x00000f94       0x1f Device_Startup/startup_samd21.o
 .debug_macro   0x00000fb3      0x250 Device_Startup/startup_samd21.o
 .debug_macro   0x00001203      0x67d Device_Startup/startup_samd21.o
 .debug_macro   0x00001880      0x8b0 Device_Startup/startup_samd21.o
 .debug_macro   0x00002130      0x22e Device_Startup/startup_samd21.o
 .debug_macro   0x0000235e      0xd5c Device_Startup/startup_samd21.o
 .debug_macro   0x000030ba      0x4c6 Device_Startup/startup_samd21.o
 .debug_macro   0x00003580      0x9f6 Device_Startup/startup_samd21.o
 .debug_macro   0x00003f76      0x82a Device_Startup/startup_samd21.o
 .debug_macro   0x000047a0      0x450 Device_Startup/startup_samd21.o
 .debug_macro   0x00004bf0       0x5e Device_Startup/startup_samd21.o
 .debug_macro   0x00004c4e      0x8f8 Device_Startup/startup_samd21.o
 .debug_macro   0x00005546      0x21c Device_Startup/startup_samd21.o
 .debug_macro   0x00005762      0x734 Device_Startup/startup_samd21.o
 .debug_macro   0x00005e96       0x5e Device_Startup/startup_samd21.o
 .debug_macro   0x00005ef4      0x631 Device_Startup/startup_samd21.o
 .debug_macro   0x00006525      0x3ab Device_Startup/startup_samd21.o
 .debug_macro   0x000068d0      0xc75 Device_Startup/startup_samd21.o
 .debug_macro   0x00007545     0x1092 Device_Startup/startup_samd21.o
 .debug_macro   0x000085d7      0xc4a Device_Startup/startup_samd21.o
 .debug_macro   0x00009221      0x6ba Device_Startup/startup_samd21.o
 .debug_macro   0x000098db     0x1b3c Device_Startup/startup_samd21.o
 .debug_macro   0x0000b417     0x143b Device_Startup/startup_samd21.o
 .debug_macro   0x0000c852      0x33f Device_Startup/startup_samd21.o
 .debug_macro   0x0000cb91       0x7c Device_Startup/startup_samd21.o
 .debug_macro   0x0000cc0d       0xa0 Device_Startup/startup_samd21.o
 .debug_macro   0x0000ccad       0x4c Device_Startup/startup_samd21.o
 .debug_macro   0x0000ccf9       0xca Device_Startup/startup_samd21.o
 .debug_macro   0x0000cdc3       0x94 Device_Startup/startup_samd21.o
 .debug_macro   0x0000ce57       0x58 Device_Startup/startup_samd21.o
 .debug_macro   0x0000ceaf      0x340 Device_Startup/startup_samd21.o
 .debug_macro   0x0000d1ef       0x82 Device_Startup/startup_samd21.o
 .debug_macro   0x0000d271      0x188 Device_Startup/startup_samd21.o
 .debug_macro   0x0000d3f9       0xb8 Device_Startup/startup_samd21.o
 .debug_macro   0x0000d4b1       0xa0 Device_Startup/startup_samd21.o
 .debug_macro   0x0000d551       0xb2 Device_Startup/startup_samd21.o
 .debug_macro   0x0000d603       0x1c Device_Startup/startup_samd21.o
 .debug_macro   0x0000d61f       0x1c Device_Startup/startup_samd21.o
 .debug_macro   0x0000d63b       0x1c Device_Startup/startup_samd21.o
 .debug_macro   0x0000d657       0x7c Device_Startup/startup_samd21.o
 .debug_macro   0x0000d6d3      0x15a Device_Startup/startup_samd21.o
 .debug_macro   0x0000d82d       0xdc Device_Startup/startup_samd21.o
 .debug_macro   0x0000d909      0x124 Device_Startup/startup_samd21.o
 .debug_macro   0x0000da2d      0x124 Device_Startup/startup_samd21.o
 .debug_macro   0x0000db51      0x124 Device_Startup/startup_samd21.o
 .debug_macro   0x0000dc75      0x124 Device_Startup/startup_samd21.o
 .debug_macro   0x0000dd99      0x124 Device_Startup/startup_samd21.o
 .debug_macro   0x0000debd      0x124 Device_Startup/startup_samd21.o
 .debug_macro   0x0000dfe1      0x124 Device_Startup/startup_samd21.o
 .debug_macro   0x0000e105       0xe2 Device_Startup/startup_samd21.o
 .debug_macro   0x0000e1e7       0xe2 Device_Startup/startup_samd21.o
 .debug_macro   0x0000e2c9       0xe2 Device_Startup/startup_samd21.o
 .debug_macro   0x0000e3ab      0x12a Device_Startup/startup_samd21.o
 .debug_macro   0x0000e4d5      0x100 Device_Startup/startup_samd21.o
 .debug_macro   0x0000e5d5       0xf4 Device_Startup/startup_samd21.o
 .debug_macro   0x0000e6c9      0x40f Device_Startup/startup_samd21.o
 .debug_macro   0x0000ead8       0x40 Device_Startup/startup_samd21.o
 .debug_macro   0x0000eb18      0x36f Device_Startup/startup_samd21.o
 .debug_macro   0x0000ee87     0x17de Device_Startup/startup_samd21.o
 .debug_macro   0x00010665       0x6d Device_Startup/startup_samd21.o
 .debug_macro   0x000106d2      0x553 src/ASF/sam0/drivers/extint/extint_sam_d_r/extint.o
 .debug_macro   0x00010c25      0x16d src/ASF/sam0/drivers/extint/extint_sam_d_r/extint.o
 .debug_macro   0x00010d92      0x652 src/ASF/sam0/drivers/extint/extint_sam_d_r/extint.o
 .debug_macro   0x000113e4       0x10 src/ASF/sam0/drivers/extint/extint_sam_d_r/extint.o
 .debug_macro   0x000113f4       0x76 src/ASF/sam0/drivers/extint/extint_sam_d_r/extint.o
 .debug_macro   0x0001146a       0x16 src/ASF/sam0/drivers/extint/extint_sam_d_r/extint.o
 .debug_macro   0x00011480      0x6e5 src/ASF/sam0/drivers/extint/extint_sam_d_r/extint.o
 .debug_macro   0x00011b65      0xde2 src/ASF/sam0/drivers/extint/extint_sam_d_r/extint.o
 .debug_macro   0x00012947       0x22 src/ASF/sam0/drivers/extint/extint_sam_d_r/extint.o
 .debug_macro   0x00012969       0x46 src/ASF/sam0/drivers/extint/extint_sam_d_r/extint.o
 .debug_macro   0x000129af       0x52 src/ASF/sam0/drivers/extint/extint_sam_d_r/extint.o
 .debug_macro   0x00012a01       0x35 src/ASF/sam0/drivers/extint/extint_sam_d_r/extint.o
 .debug_macro   0x00012a36       0x9c src/ASF/sam0/drivers/extint/extint_sam_d_r/extint.o
 .debug_macro   0x00012ad2       0x16 src/ASF/sam0/drivers/extint/extint_sam_d_r/extint.o
 .debug_macro   0x00012ae8       0x35 src/ASF/sam0/drivers/extint/extint_sam_d_r/extint.o
 .debug_macro   0x00012b1d      0x330 src/ASF/sam0/drivers/extint/extint_sam_d_r/extint.o
 .debug_macro   0x00012e4d       0x10 src/ASF/sam0/drivers/extint/extint_sam_d_r/extint.o
 .debug_macro   0x00012e5d       0x52 src/ASF/sam0/drivers/extint/extint_sam_d_r/extint.o
 .debug_macro   0x00012eaf       0x16 src/ASF/sam0/drivers/extint/extint_sam_d_r/extint.o
 .debug_macro   0x00012ec5       0x43 src/ASF/sam0/drivers/extint/extint_sam_d_r/extint.o
 .debug_macro   0x00012f08      0x187 src/ASF/sam0/drivers/extint/extint_sam_d_r/extint.o
 .debug_macro   0x0001308f       0x22 src/ASF/sam0/drivers/extint/extint_sam_d_r/extint.o
 .debug_macro   0x000130b1       0x3a src/ASF/sam0/drivers/extint/extint_sam_d_r/extint.o
 .debug_macro   0x000130eb       0x10 src/ASF/sam0/drivers/extint/extint_sam_d_r/extint.o
 .debug_macro   0x000130fb       0x40 src/ASF/sam0/drivers/extint/extint_sam_d_r/extint.o
 .debug_macro   0x0001313b       0x6c src/ASF/sam0/drivers/extint/extint_sam_d_r/extint.o
 .debug_macro   0x000131a7       0x16 src/ASF/sam0/drivers/extint/extint_sam_d_r/extint.o
 .debug_macro   0x000131bd      0x182 src/ASF/sam0/drivers/extint/extint_sam_d_r/extint.o
 .debug_macro   0x0001333f       0x16 src/ASF/sam0/drivers/extint/extint_sam_d_r/extint.o
 .debug_macro   0x00013355       0x16 src/ASF/sam0/drivers/extint/extint_sam_d_r/extint.o
 .debug_macro   0x0001336b       0x29 src/ASF/sam0/drivers/extint/extint_sam_d_r/extint.o
 .debug_macro   0x00013394       0x51 src/ASF/sam0/drivers/extint/extint_sam_d_r/extint.o
 .debug_macro   0x000133e5       0x3f src/ASF/sam0/drivers/extint/extint_sam_d_r/extint.o
 .debug_macro   0x00013424      0x3df src/ASF/sam0/drivers/extint/extint_sam_d_r/extint.o
 .debug_macro   0x00013803       0x11 src/ASF/sam0/drivers/extint/extint_sam_d_r/extint.o
 .debug_macro   0x00013814       0x18 src/ASF/sam0/drivers/extint/extint_sam_d_r/extint.o
 .debug_macro   0x0001382c       0x2e src/ASF/sam0/drivers/extint/extint_sam_d_r/extint.o
 .debug_macro   0x0001385a       0x1f src/ASF/sam0/drivers/extint/extint_sam_d_r/extint.o
 .debug_macro   0x00013879       0x16 src/ASF/sam0/drivers/extint/extint_sam_d_r/extint.o
 .debug_macro   0x0001388f      0x55e src/ASF/sam0/drivers/sercom/sercom_interrupt.o
 .debug_macro   0x00013ded      0x4f8 src/ASF/sam0/drivers/extint/extint_callback.o
 .debug_macro   0x000142e5       0x19 src/ASF/sam0/drivers/extint/extint_callback.o
 .debug_macro   0x000142fe      0x50e src/ASF/common2/services/delay/sam0/systick_counter.o
 .debug_macro   0x0001480c       0x16 src/ASF/common2/services/delay/sam0/systick_counter.o
 .debug_macro   0x00014822       0x16 src/ASF/common2/services/delay/sam0/systick_counter.o
 .debug_macro   0x00014838      0x4ed src/ASF/sam0/drivers/port/port.o
 .debug_macro   0x00014d25       0x12 src/ASF/sam0/drivers/port/port.o
 .debug_macro   0x00014d37      0x633 src/ASF/common2/boards/user_board/init.o
 .debug_macro   0x0001536a       0x18 src/ASF/common2/boards/user_board/init.o
 .debug_macro   0x00015382       0x2d src/ASF/common2/boards/user_board/init.o
 .debug_macro   0x000153af       0x50 src/ASF/common2/boards/user_board/init.o
 .debug_macro   0x000153ff      0x4d3 src/ASF/common/utils/interrupt/interrupt_sam_nvic.o
 .debug_macro   0x000158d2      0x545 src/ASF/sam0/drivers/system/clock/clock_samd21_r21_da/clock.o
 .debug_macro   0x00015e17      0x29d src/ASF/sam0/drivers/system/clock/clock_samd21_r21_da/clock.o
 .debug_macro   0x000160b4      0x509 src/ASF/sam0/drivers/system/clock/clock_samd21_r21_da/gclk.o
 .debug_macro   0x000165bd      0x4e3 src/ASF/sam0/drivers/system/pinmux/pinmux.o
 .debug_macro   0x00016aa0       0x12 src/ASF/sam0/drivers/system/pinmux/pinmux.o
 .debug_macro   0x00016ab2      0x517 src/ASF/sam0/drivers/system/system.o
 .debug_macro   0x00016fc9      0x63d src/main.o
 .debug_macro   0x00017606       0x16 src/main.o

.debug_line     0x00000000     0x905e
 .debug_line    0x00000000      0x6da Device_Startup/startup_samd21.o
 .debug_line    0x000006da      0xca2 src/ASF/sam0/drivers/extint/extint_sam_d_r/extint.o
 .debug_line    0x0000137c      0xbe9 src/ASF/sam0/drivers/sercom/sercom_interrupt.o
 .debug_line    0x00001f65      0xa3d src/ASF/sam0/drivers/extint/extint_callback.o
 .debug_line    0x000029a2      0xa3c src/ASF/common2/services/delay/sam0/systick_counter.o
 .debug_line    0x000033de      0x974 src/ASF/sam0/drivers/port/port.o
 .debug_line    0x00003d52      0xddf src/ASF/common2/boards/user_board/init.o
 .debug_line    0x00004b31      0x948 src/ASF/common/utils/interrupt/interrupt_sam_nvic.o
 .debug_line    0x00005479      0xca4 src/ASF/sam0/drivers/system/clock/clock_samd21_r21_da/clock.o
 .debug_line    0x0000611d      0xce3 src/ASF/sam0/drivers/system/clock/clock_samd21_r21_da/gclk.o
 .debug_line    0x00006e00      0x9b3 src/ASF/sam0/drivers/system/pinmux/pinmux.o
 .debug_line    0x000077b3      0xa63 src/ASF/sam0/drivers/system/system.o
 .debug_line    0x00008216      0xe48 src/main.o

.debug_str      0x00000000    0x865fd
 .debug_str     0x00000000    0x6b85c Device_Startup/startup_samd21.o
                              0x6bc8f (size before relaxing)
 .debug_str     0x0006b85c    0x15f40 src/ASF/sam0/drivers/extint/extint_sam_d_r/extint.o
                              0x80cb2 (size before relaxing)
 .debug_str     0x0008179c      0xc9c src/ASF/sam0/drivers/sercom/sercom_interrupt.o
                              0x80a1c (size before relaxing)
 .debug_str     0x00082438      0x131 src/ASF/sam0/drivers/extint/extint_callback.o
                              0x7fd6b (size before relaxing)
 .debug_str     0x00082569      0x217 src/ASF/common2/services/delay/sam0/systick_counter.o
                              0x7f721 (size before relaxing)
 .debug_str     0x00082780      0x28f src/ASF/sam0/drivers/port/port.o
                              0x7f918 (size before relaxing)
 .debug_str     0x00082a0f      0xf3b src/ASF/common2/boards/user_board/init.o
                              0x80d5e (size before relaxing)
 .debug_str     0x0008394a       0x94 src/ASF/common/utils/interrupt/interrupt_sam_nvic.o
                              0x7f528 (size before relaxing)
 .debug_str     0x000839de     0x2657 src/ASF/sam0/drivers/system/clock/clock_samd21_r21_da/clock.o
                              0x825e9 (size before relaxing)
 .debug_str     0x00086035      0x2cd src/ASF/sam0/drivers/system/clock/clock_samd21_r21_da/gclk.o
                              0x8017a (size before relaxing)
 .debug_str     0x00086302      0x1fd src/ASF/sam0/drivers/system/pinmux/pinmux.o
                              0x7f9ca (size before relaxing)
 .debug_str     0x000864ff       0x47 src/ASF/sam0/drivers/system/system.o
                              0x7f5d3 (size before relaxing)
 .debug_str     0x00086546       0xb7 src/main.o
                              0x810a2 (size before relaxing)

.debug_frame    0x00000000      0x758
 .debug_frame   0x00000000       0x3c Device_Startup/startup_samd21.o
 .debug_frame   0x0000003c       0xb8 src/ASF/sam0/drivers/extint/extint_sam_d_r/extint.o
 .debug_frame   0x000000f4       0xec src/ASF/sam0/drivers/sercom/sercom_interrupt.o
 .debug_frame   0x000001e0       0x7c src/ASF/sam0/drivers/extint/extint_callback.o
 .debug_frame   0x0000025c       0x64 src/ASF/common2/services/delay/sam0/systick_counter.o
 .debug_frame   0x000002c0       0x44 src/ASF/sam0/drivers/port/port.o
 .debug_frame   0x00000304       0x20 src/ASF/common2/boards/user_board/init.o
 .debug_frame   0x00000324       0x30 src/ASF/common/utils/interrupt/interrupt_sam_nvic.o
 .debug_frame   0x00000354      0x158 src/ASF/sam0/drivers/system/clock/clock_samd21_r21_da/clock.o
 .debug_frame   0x000004ac      0x148 src/ASF/sam0/drivers/system/clock/clock_samd21_r21_da/gclk.o
 .debug_frame   0x000005f4       0x98 src/ASF/sam0/drivers/system/pinmux/pinmux.o
 .debug_frame   0x0000068c       0x38 src/ASF/sam0/drivers/system/system.o
 .debug_frame   0x000006c4       0x48 src/main.o
 .debug_frame   0x0000070c       0x20 c:/program files (x86)/atmel/studio/7.0/toolchain/arm/arm-gnu-toolchain/bin/../lib/gcc/arm-none-eabi/5.3.1/armv6-m\libgcc.a(_udivsi3.o)
 .debug_frame   0x0000072c       0x2c c:/program files (x86)/atmel/studio/7.0/toolchain/arm/arm-gnu-toolchain/bin/../lib/gcc/arm-none-eabi/5.3.1/../../../../arm-none-eabi/lib/armv6-m\libc_nano.a(lib_a-init.o)

Cross Reference Table

Symbol                                            File
AC_Handler                                        Device_Startup/startup_samd21.o
ADC_Handler                                       Device_Startup/startup_samd21.o
DAC_Handler                                       Device_Startup/startup_samd21.o
DMAC_Handler                                      Device_Startup/startup_samd21.o
Dummy_Handler                                     Device_Startup/startup_samd21.o
EIC_Handler                                       src/ASF/sam0/drivers/extint/extint_callback.o
                                                  Device_Startup/startup_samd21.o
EVSYS_Handler                                     Device_Startup/startup_samd21.o
HardFault_Handler                                 Device_Startup/startup_samd21.o
I2S_Handler                                       Device_Startup/startup_samd21.o
NMI_Handler                                       Device_Startup/startup_samd21.o
NVMCTRL_Handler                                   Device_Startup/startup_samd21.o
PM_Handler                                        Device_Startup/startup_samd21.o
PTC_Handler                                       Device_Startup/startup_samd21.o
PendSV_Handler                                    Device_Startup/startup_samd21.o
RTC_Handler                                       Device_Startup/startup_samd21.o
Reset_Handler                                     Device_Startup/startup_samd21.o
SERCOM0_Handler                                   src/ASF/sam0/drivers/sercom/sercom_interrupt.o
                                                  Device_Startup/startup_samd21.o
SERCOM1_Handler                                   src/ASF/sam0/drivers/sercom/sercom_interrupt.o
                                                  Device_Startup/startup_samd21.o
SERCOM2_Handler                                   src/ASF/sam0/drivers/sercom/sercom_interrupt.o
                                                  Device_Startup/startup_samd21.o
SERCOM3_Handler                                   src/ASF/sam0/drivers/sercom/sercom_interrupt.o
                                                  Device_Startup/startup_samd21.o
SERCOM4_Handler                                   src/ASF/sam0/drivers/sercom/sercom_interrupt.o
                                                  Device_Startup/startup_samd21.o
SERCOM5_Handler                                   src/ASF/sam0/drivers/sercom/sercom_interrupt.o
                                                  Device_Startup/startup_samd21.o
SVC_Handler                                       Device_Startup/startup_samd21.o
SYSCTRL_Handler                                   Device_Startup/startup_samd21.o
SysTick_Handler                                   Device_Startup/startup_samd21.o
SystemCoreClock                                   Device_Startup/system_samd21.o
SystemCoreClockUpdate                             Device_Startup/system_samd21.o
SystemInit                                        Device_Startup/system_samd21.o
TC3_Handler                                       Device_Startup/startup_samd21.o
TC4_Handler                                       Device_Startup/startup_samd21.o
TC5_Handler                                       Device_Startup/startup_samd21.o
TCC0_Handler                                      Device_Startup/startup_samd21.o
TCC1_Handler                                      Device_Startup/startup_samd21.o
TCC2_Handler                                      Device_Startup/startup_samd21.o
USB_Handler                                       Device_Startup/startup_samd21.o
WDT_Handler                                       Device_Startup/startup_samd21.o
_Jv_RegisterClasses                               c:/program files (x86)/atmel/studio/7.0/toolchain/arm/arm-gnu-toolchain/bin/../lib/gcc/arm-none-eabi/5.3.1/armv6-m/crtbegin.o
__aeabi_d2iz                                      c:/program files (x86)/atmel/studio/7.0/toolchain/arm/arm-gnu-toolchain/bin/../lib/gcc/arm-none-eabi/5.3.1/armv6-m\libgcc.a(fixdfsi.o)
                                                  src/ASF/sam0/drivers/sercom/i2c/i2c_sam0/i2c_master.o
__aeabi_dadd                                      c:/program files (x86)/atmel/studio/7.0/toolchain/arm/arm-gnu-toolchain/bin/../lib/gcc/arm-none-eabi/5.3.1/armv6-m\libgcc.a(adddf3.o)
                                                  src/ASF/sam0/drivers/sercom/i2c/i2c_sam0/i2c_master.o
__aeabi_ddiv                                      c:/program files (x86)/atmel/studio/7.0/toolchain/arm/arm-gnu-toolchain/bin/../lib/gcc/arm-none-eabi/5.3.1/armv6-m\libgcc.a(divdf3.o)
                                                  src/ASF/sam0/drivers/sercom/i2c/i2c_sam0/i2c_master.o
__aeabi_dmul                                      c:/program files (x86)/atmel/studio/7.0/toolchain/arm/arm-gnu-toolchain/bin/../lib/gcc/arm-none-eabi/5.3.1/armv6-m\libgcc.a(muldf3.o)
                                                  src/ASF/sam0/drivers/sercom/i2c/i2c_sam0/i2c_master.o
__aeabi_dsub                                      c:/program files (x86)/atmel/studio/7.0/toolchain/arm/arm-gnu-toolchain/bin/../lib/gcc/arm-none-eabi/5.3.1/armv6-m\libgcc.a(subdf3.o)
                                                  src/ASF/sam0/drivers/sercom/i2c/i2c_sam0/i2c_master.o
__aeabi_idiv0                                     c:/program files (x86)/atmel/studio/7.0/toolchain/arm/arm-gnu-toolchain/bin/../lib/gcc/arm-none-eabi/5.3.1/armv6-m\libgcc.a(_dvmd_tls.o)
                                                  c:/program files (x86)/atmel/studio/7.0/toolchain/arm/arm-gnu-toolchain/bin/../lib/gcc/arm-none-eabi/5.3.1/armv6-m\libgcc.a(_udivsi3.o)
__aeabi_ldiv0                                     c:/program files (x86)/atmel/studio/7.0/toolchain/arm/arm-gnu-toolchain/bin/../lib/gcc/arm-none-eabi/5.3.1/armv6-m\libgcc.a(_dvmd_tls.o)
__aeabi_lmul                                      c:/program files (x86)/atmel/studio/7.0/toolchain/arm/arm-gnu-toolchain/bin/../lib/gcc/arm-none-eabi/5.3.1/armv6-m\libgcc.a(_muldi3.o)
                                                  src/ASF/sam0/drivers/sercom/sercom.o
__aeabi_ui2d                                      c:/program files (x86)/atmel/studio/7.0/toolchain/arm/arm-gnu-toolchain/bin/../lib/gcc/arm-none-eabi/5.3.1/armv6-m\libgcc.a(floatunsidf.o)
                                                  src/ASF/sam0/drivers/sercom/i2c/i2c_sam0/i2c_master.o
__aeabi_uidiv                                     c:/program files (x86)/atmel/studio/7.0/toolchain/arm/arm-gnu-toolchain/bin/../lib/gcc/arm-none-eabi/5.3.1/armv6-m\libgcc.a(_udivsi3.o)
                                                  c:/program files (x86)/atmel/studio/7.0/toolchain/arm/arm-gnu-toolchain/bin/../lib/gcc/arm-none-eabi/5.3.1/armv6-m\libgcc.a(divdf3.o)
                                                  src/ASF/sam0/drivers/system/clock/clock_samd21_r21_da/gclk.o
                                                  src/ASF/sam0/drivers/system/clock/clock_samd21_r21_da/clock.o
                                                  src/ASF/common2/services/delay/sam0/systick_counter.o
                                                  src/ASF/sam0/drivers/sercom/i2c/i2c_sam0/i2c_master.o
__aeabi_uidivmod                                  c:/program files (x86)/atmel/studio/7.0/toolchain/arm/arm-gnu-toolchain/bin/../lib/gcc/arm-none-eabi/5.3.1/armv6-m\libgcc.a(_udivsi3.o)
                                                  c:/program files (x86)/atmel/studio/7.0/toolchain/arm/arm-gnu-toolchain/bin/../lib/gcc/arm-none-eabi/5.3.1/armv6-m\libgcc.a(divdf3.o)
__bss_end__                                       c:/program files (x86)/atmel/studio/7.0/toolchain/arm/arm-gnu-toolchain/bin/../lib/gcc/arm-none-eabi/5.3.1/../../../../arm-none-eabi/lib/armv6-m/crt0.o
__bss_start__                                     c:/program files (x86)/atmel/studio/7.0/toolchain/arm/arm-gnu-toolchain/bin/../lib/gcc/arm-none-eabi/5.3.1/../../../../arm-none-eabi/lib/armv6-m/crt0.o
__call_exitprocs                                  c:/program files (x86)/atmel/studio/7.0/toolchain/arm/arm-gnu-toolchain/bin/../lib/gcc/arm-none-eabi/5.3.1/../../../../arm-none-eabi/lib/armv6-m\libc_nano.a(lib_a-exit.o)
__clzsi2                                          c:/program files (x86)/atmel/studio/7.0/toolchain/arm/arm-gnu-toolchain/bin/../lib/gcc/arm-none-eabi/5.3.1/armv6-m\libgcc.a(_clzsi2.o)
                                                  c:/program files (x86)/atmel/studio/7.0/toolchain/arm/arm-gnu-toolchain/bin/../lib/gcc/arm-none-eabi/5.3.1/armv6-m\libgcc.a(floatunsidf.o)
                                                  c:/program files (x86)/atmel/studio/7.0/toolchain/arm/arm-gnu-toolchain/bin/../lib/gcc/arm-none-eabi/5.3.1/armv6-m\libgcc.a(subdf3.o)
                                                  c:/program files (x86)/atmel/studio/7.0/toolchain/arm/arm-gnu-toolchain/bin/../lib/gcc/arm-none-eabi/5.3.1/armv6-m\libgcc.a(muldf3.o)
                                                  c:/program files (x86)/atmel/studio/7.0/toolchain/arm/arm-gnu-toolchain/bin/../lib/gcc/arm-none-eabi/5.3.1/armv6-m\libgcc.a(divdf3.o)
                                                  c:/program files (x86)/atmel/studio/7.0/toolchain/arm/arm-gnu-toolchain/bin/../lib/gcc/arm-none-eabi/5.3.1/armv6-m\libgcc.a(adddf3.o)
__deregister_frame_info                           c:/program files (x86)/atmel/studio/7.0/toolchain/arm/arm-gnu-toolchain/bin/../lib/gcc/arm-none-eabi/5.3.1/armv6-m/crtbegin.o
__dso_handle                                      c:/program files (x86)/atmel/studio/7.0/toolchain/arm/arm-gnu-toolchain/bin/../lib/gcc/arm-none-eabi/5.3.1/armv6-m/crtbegin.o
__init_array_end                                  c:/program files (x86)/atmel/studio/7.0/toolchain/arm/arm-gnu-toolchain/bin/../lib/gcc/arm-none-eabi/5.3.1/../../../../arm-none-eabi/lib/armv6-m\libc_nano.a(lib_a-init.o)
__init_array_start                                c:/program files (x86)/atmel/studio/7.0/toolchain/arm/arm-gnu-toolchain/bin/../lib/gcc/arm-none-eabi/5.3.1/../../../../arm-none-eabi/lib/armv6-m\libc_nano.a(lib_a-init.o)
__libc_fini_array                                 c:/program files (x86)/atmel/studio/7.0/toolchain/arm/arm-gnu-toolchain/bin/../lib/gcc/arm-none-eabi/5.3.1/../../../../arm-none-eabi/lib/armv6-m/crt0.o
__libc_init_array                                 c:/program files (x86)/atmel/studio/7.0/toolchain/arm/arm-gnu-toolchain/bin/../lib/gcc/arm-none-eabi/5.3.1/../../../../arm-none-eabi/lib/armv6-m\libc_nano.a(lib_a-init.o)
                                                  Device_Startup/startup_samd21.o
                                                  c:/program files (x86)/atmel/studio/7.0/toolchain/arm/arm-gnu-toolchain/bin/../lib/gcc/arm-none-eabi/5.3.1/../../../../arm-none-eabi/lib/armv6-m/crt0.o
__muldi3                                          c:/program files (x86)/atmel/studio/7.0/toolchain/arm/arm-gnu-toolchain/bin/../lib/gcc/arm-none-eabi/5.3.1/armv6-m\libgcc.a(_muldi3.o)
__preinit_array_end                               c:/program files (x86)/atmel/studio/7.0/toolchain/arm/arm-gnu-toolchain/bin/../lib/gcc/arm-none-eabi/5.3.1/../../../../arm-none-eabi/lib/armv6-m\libc_nano.a(lib_a-init.o)
__preinit_array_start                             c:/program files (x86)/atmel/studio/7.0/toolchain/arm/arm-gnu-toolchain/bin/../lib/gcc/arm-none-eabi/5.3.1/../../../../arm-none-eabi/lib/armv6-m\libc_nano.a(lib_a-init.o)
__register_frame_info                             c:/program files (x86)/atmel/studio/7.0/toolchain/arm/arm-gnu-toolchain/bin/../lib/gcc/arm-none-eabi/5.3.1/armv6-m/crtbegin.o
__sf_fake_stderr                                  c:/program files (x86)/atmel/studio/7.0/toolchain/arm/arm-gnu-toolchain/bin/../lib/gcc/arm-none-eabi/5.3.1/../../../../arm-none-eabi/lib/armv6-m\libc_nano.a(lib_a-impure.o)
__sf_fake_stdin                                   c:/program files (x86)/atmel/studio/7.0/toolchain/arm/arm-gnu-toolchain/bin/../lib/gcc/arm-none-eabi/5.3.1/../../../../arm-none-eabi/lib/armv6-m\libc_nano.a(lib_a-impure.o)
__sf_fake_stdout                                  c:/program files (x86)/atmel/studio/7.0/toolchain/arm/arm-gnu-toolchain/bin/../lib/gcc/arm-none-eabi/5.3.1/../../../../arm-none-eabi/lib/armv6-m\libc_nano.a(lib_a-impure.o)
__stack                                           c:/program files (x86)/atmel/studio/7.0/toolchain/arm/arm-gnu-toolchain/bin/../lib/gcc/arm-none-eabi/5.3.1/../../../../arm-none-eabi/lib/armv6-m/crt0.o
__udivsi3                                         c:/program files (x86)/atmel/studio/7.0/toolchain/arm/arm-gnu-toolchain/bin/../lib/gcc/arm-none-eabi/5.3.1/armv6-m\libgcc.a(_udivsi3.o)
_close                                            src/ASF/sam0/utils/syscalls/gcc/syscalls.o
_current_channel                                  src/ASF/sam0/drivers/extint/extint_callback.o
_end                                              src/ASF/sam0/utils/syscalls/gcc/syscalls.o
_erelocate                                        Device_Startup/startup_samd21.o
_estack                                           Device_Startup/startup_samd21.o
_etext                                            Device_Startup/startup_samd21.o
_exit                                             src/ASF/sam0/utils/syscalls/gcc/syscalls.o
                                                  c:/program files (x86)/atmel/studio/7.0/toolchain/arm/arm-gnu-toolchain/bin/../lib/gcc/arm-none-eabi/5.3.1/../../../../arm-none-eabi/lib/armv6-m\libc_nano.a(lib_a-exit.o)
_extint_dev                                       src/ASF/sam0/drivers/extint/extint_sam_d_r/extint.o
                                                  src/ASF/sam0/drivers/extint/extint_callback.o
_ezero                                            Device_Startup/startup_samd21.o
_fini                                             c:/program files (x86)/atmel/studio/7.0/toolchain/arm/arm-gnu-toolchain/bin/../lib/gcc/arm-none-eabi/5.3.1/armv6-m/crti.o
_fstat                                            src/ASF/sam0/utils/syscalls/gcc/syscalls.o
_getpid                                           src/ASF/sam0/utils/syscalls/gcc/syscalls.o
_global_impure_ptr                                c:/program files (x86)/atmel/studio/7.0/toolchain/arm/arm-gnu-toolchain/bin/../lib/gcc/arm-none-eabi/5.3.1/../../../../arm-none-eabi/lib/armv6-m\libc_nano.a(lib_a-impure.o)
                                                  c:/program files (x86)/atmel/studio/7.0/toolchain/arm/arm-gnu-toolchain/bin/../lib/gcc/arm-none-eabi/5.3.1/../../../../arm-none-eabi/lib/armv6-m\libc_nano.a(lib_a-exit.o)
_i2c_master_address_response                      src/ASF/sam0/drivers/sercom/i2c/i2c_sam0/i2c_master.o
                                                  src/ASF/sam0/drivers/sercom/i2c/i2c_sam0/i2c_master_interrupt.o
_i2c_master_interrupt_handler                     src/ASF/sam0/drivers/sercom/i2c/i2c_sam0/i2c_master_interrupt.o
                                                  src/ASF/sam0/drivers/sercom/i2c/i2c_sam0/i2c_master.o
_i2c_master_send_hs_master_code                   src/ASF/sam0/drivers/sercom/i2c/i2c_sam0/i2c_master.o
                                                  src/ASF/sam0/drivers/sercom/i2c/i2c_sam0/i2c_master_interrupt.o
_i2c_master_wait_for_bus                          src/ASF/sam0/drivers/sercom/i2c/i2c_sam0/i2c_master.o
                                                  src/ASF/sam0/drivers/sercom/i2c/i2c_sam0/i2c_master_interrupt.o
_impure_ptr                                       c:/program files (x86)/atmel/studio/7.0/toolchain/arm/arm-gnu-toolchain/bin/../lib/gcc/arm-none-eabi/5.3.1/../../../../arm-none-eabi/lib/armv6-m\libc_nano.a(lib_a-impure.o)
_init                                             c:/program files (x86)/atmel/studio/7.0/toolchain/arm/arm-gnu-toolchain/bin/../lib/gcc/arm-none-eabi/5.3.1/armv6-m/crti.o
                                                  c:/program files (x86)/atmel/studio/7.0/toolchain/arm/arm-gnu-toolchain/bin/../lib/gcc/arm-none-eabi/5.3.1/../../../../arm-none-eabi/lib/armv6-m\libc_nano.a(lib_a-init.o)
_isatty                                           src/ASF/sam0/utils/syscalls/gcc/syscalls.o
_kill                                             src/ASF/sam0/utils/syscalls/gcc/syscalls.o
_lseek                                            src/ASF/sam0/utils/syscalls/gcc/syscalls.o
_mainCRTStartup                                   c:/program files (x86)/atmel/studio/7.0/toolchain/arm/arm-gnu-toolchain/bin/../lib/gcc/arm-none-eabi/5.3.1/../../../../arm-none-eabi/lib/armv6-m/crt0.o
_read                                             src/ASF/sam0/utils/stdio/read.o
_sbrk                                             src/ASF/sam0/utils/syscalls/gcc/syscalls.o
_sercom_get_async_baud_val                        src/ASF/sam0/drivers/sercom/sercom.o
                                                  src/ASF/sam0/drivers/sercom/usart/usart.o
_sercom_get_default_pad                           src/ASF/sam0/drivers/sercom/sercom.o
                                                  src/ASF/sam0/drivers/sercom/usart/usart.o
                                                  src/ASF/sam0/drivers/sercom/i2c/i2c_sam0/i2c_master.o
_sercom_get_interrupt_vector                      src/ASF/sam0/drivers/sercom/sercom_interrupt.o
                                                  src/ASF/sam0/drivers/sercom/i2c/i2c_sam0/i2c_master.o
_sercom_get_sercom_inst_index                     src/ASF/sam0/drivers/sercom/sercom.o
                                                  src/ASF/sam0/drivers/sercom/sercom_interrupt.o
                                                  src/ASF/sam0/drivers/sercom/usart/usart.o
                                                  src/ASF/sam0/drivers/sercom/i2c/i2c_sam0/i2c_master.o
_sercom_get_sync_baud_val                         src/ASF/sam0/drivers/sercom/sercom.o
                                                  src/ASF/sam0/drivers/sercom/usart/usart.o
_sercom_instances                                 src/ASF/sam0/drivers/sercom/sercom_interrupt.o
                                                  src/ASF/sam0/drivers/sercom/usart/usart_interrupt.o
                                                  src/ASF/sam0/drivers/sercom/usart/usart.o
                                                  src/ASF/sam0/drivers/sercom/i2c/i2c_sam0/i2c_master_interrupt.o
                                                  src/ASF/sam0/drivers/sercom/i2c/i2c_sam0/i2c_master.o
_sercom_set_handler                               src/ASF/sam0/drivers/sercom/sercom_interrupt.o
                                                  src/ASF/sam0/drivers/sercom/usart/usart.o
                                                  src/ASF/sam0/drivers/sercom/i2c/i2c_sam0/i2c_master.o
_sfixed                                           Device_Startup/startup_samd21.o
_srelocate                                        Device_Startup/startup_samd21.o
_start                                            c:/program files (x86)/atmel/studio/7.0/toolchain/arm/arm-gnu-toolchain/bin/../lib/gcc/arm-none-eabi/5.3.1/../../../../arm-none-eabi/lib/armv6-m/crt0.o
_system_divas_init                                src/ASF/sam0/drivers/system/system.o
_system_dummy_init                                src/ASF/sam0/drivers/system/system.o
_system_events_init                               src/ASF/sam0/drivers/system/system.o
_system_extint_init                               src/ASF/sam0/drivers/extint/extint_sam_d_r/extint.o
_szero                                            Device_Startup/startup_samd21.o
_usart_interrupt_handler                          src/ASF/sam0/drivers/sercom/usart/usart_interrupt.o
                                                  src/ASF/sam0/drivers/sercom/usart/usart.o
_usart_read_buffer                                src/ASF/sam0/drivers/sercom/usart/usart_interrupt.o
_usart_write_buffer                               src/ASF/sam0/drivers/sercom/usart/usart_interrupt.o
_write                                            src/ASF/sam0/utils/stdio/write.o
atexit                                            c:/program files (x86)/atmel/studio/7.0/toolchain/arm/arm-gnu-toolchain/bin/../lib/gcc/arm-none-eabi/5.3.1/../../../../arm-none-eabi/lib/armv6-m/crt0.o
board_init                                        src/ASF/common2/boards/user_board/init.o
cpu_irq_enter_critical                            src/ASF/common/utils/interrupt/interrupt_sam_nvic.o
                                                  src/ASF/sam0/drivers/system/clock/clock_samd21_r21_da/gclk.o
                                                  src/ASF/sam0/drivers/sercom/usart/usart_interrupt.o
                                                  src/ASF/sam0/drivers/sercom/i2c/i2c_sam0/i2c_master.o
cpu_irq_leave_critical                            src/ASF/common/utils/interrupt/interrupt_sam_nvic.o
                                                  src/ASF/sam0/drivers/system/clock/clock_samd21_r21_da/gclk.o
                                                  src/ASF/sam0/drivers/sercom/usart/usart_interrupt.o
                                                  src/ASF/sam0/drivers/sercom/i2c/i2c_sam0/i2c_master.o
delay_cycles_ms                                   src/ASF/common2/services/delay/sam0/systick_counter.o
                                                  src/main.o
delay_cycles_us                                   src/ASF/common2/services/delay/sam0/systick_counter.o
delay_init                                        src/ASF/common2/services/delay/sam0/systick_counter.o
                                                  src/main.o
exception_table                                   Device_Startup/startup_samd21.o
exit                                              c:/program files (x86)/atmel/studio/7.0/toolchain/arm/arm-gnu-toolchain/bin/../lib/gcc/arm-none-eabi/5.3.1/../../../../arm-none-eabi/lib/armv6-m\libc_nano.a(lib_a-exit.o)
                                                  c:/program files (x86)/atmel/studio/7.0/toolchain/arm/arm-gnu-toolchain/bin/../lib/gcc/arm-none-eabi/5.3.1/../../../../arm-none-eabi/lib/armv6-m/crt0.o
extint_chan_disable_callback                      src/ASF/sam0/drivers/extint/extint_callback.o
extint_chan_enable_callback                       src/ASF/sam0/drivers/extint/extint_callback.o
extint_chan_get_config_defaults                   src/ASF/sam0/drivers/extint/extint_sam_d_r/extint.o
extint_chan_set_config                            src/ASF/sam0/drivers/extint/extint_sam_d_r/extint.o
extint_disable_events                             src/ASF/sam0/drivers/extint/extint_sam_d_r/extint.o
extint_enable_events                              src/ASF/sam0/drivers/extint/extint_sam_d_r/extint.o
extint_get_current_channel                        src/ASF/sam0/drivers/extint/extint_callback.o
extint_nmi_set_config                             src/ASF/sam0/drivers/extint/extint_sam_d_r/extint.o
extint_register_callback                          src/ASF/sam0/drivers/extint/extint_callback.o
extint_unregister_callback                        src/ASF/sam0/drivers/extint/extint_callback.o
g_interrupt_enabled                               src/ASF/common/utils/interrupt/interrupt_sam_nvic.o
hardware_init_hook                                c:/program files (x86)/atmel/studio/7.0/toolchain/arm/arm-gnu-toolchain/bin/../lib/gcc/arm-none-eabi/5.3.1/../../../../arm-none-eabi/lib/armv6-m/crt0.o
i2c_master_init                                   src/ASF/sam0/drivers/sercom/i2c/i2c_sam0/i2c_master.o
i2c_master_read_byte                              src/ASF/sam0/drivers/sercom/i2c/i2c_sam0/i2c_master.o
i2c_master_read_bytes                             src/ASF/sam0/drivers/sercom/i2c/i2c_sam0/i2c_master_interrupt.o
i2c_master_read_packet_job                        src/ASF/sam0/drivers/sercom/i2c/i2c_sam0/i2c_master_interrupt.o
i2c_master_read_packet_job_no_nack                src/ASF/sam0/drivers/sercom/i2c/i2c_sam0/i2c_master_interrupt.o
i2c_master_read_packet_job_no_stop                src/ASF/sam0/drivers/sercom/i2c/i2c_sam0/i2c_master_interrupt.o
i2c_master_read_packet_wait                       src/ASF/sam0/drivers/sercom/i2c/i2c_sam0/i2c_master.o
i2c_master_read_packet_wait_no_nack               src/ASF/sam0/drivers/sercom/i2c/i2c_sam0/i2c_master.o
i2c_master_read_packet_wait_no_stop               src/ASF/sam0/drivers/sercom/i2c/i2c_sam0/i2c_master.o
i2c_master_register_callback                      src/ASF/sam0/drivers/sercom/i2c/i2c_sam0/i2c_master_interrupt.o
i2c_master_reset                                  src/ASF/sam0/drivers/sercom/i2c/i2c_sam0/i2c_master.o
i2c_master_send_nack                              src/ASF/sam0/drivers/sercom/i2c/i2c_sam0/i2c_master.o
i2c_master_send_stop                              src/ASF/sam0/drivers/sercom/i2c/i2c_sam0/i2c_master.o
i2c_master_unregister_callback                    src/ASF/sam0/drivers/sercom/i2c/i2c_sam0/i2c_master_interrupt.o
i2c_master_write_byte                             src/ASF/sam0/drivers/sercom/i2c/i2c_sam0/i2c_master.o
i2c_master_write_bytes                            src/ASF/sam0/drivers/sercom/i2c/i2c_sam0/i2c_master_interrupt.o
i2c_master_write_packet_job                       src/ASF/sam0/drivers/sercom/i2c/i2c_sam0/i2c_master_interrupt.o
i2c_master_write_packet_job_no_stop               src/ASF/sam0/drivers/sercom/i2c/i2c_sam0/i2c_master_interrupt.o
i2c_master_write_packet_wait                      src/ASF/sam0/drivers/sercom/i2c/i2c_sam0/i2c_master.o
i2c_master_write_packet_wait_no_stop              src/ASF/sam0/drivers/sercom/i2c/i2c_sam0/i2c_master.o
link                                              src/ASF/sam0/utils/syscalls/gcc/syscalls.o
main                                              src/main.o
                                                  Device_Startup/startup_samd21.o
                                                  c:/program files (x86)/atmel/studio/7.0/toolchain/arm/arm-gnu-toolchain/bin/../lib/gcc/arm-none-eabi/5.3.1/../../../../arm-none-eabi/lib/armv6-m/crt0.o
memcpy                                            c:/program files (x86)/atmel/studio/7.0/toolchain/arm/arm-gnu-toolchain/bin/../lib/gcc/arm-none-eabi/5.3.1/../../../../arm-none-eabi/lib/armv6-m\libc_nano.a(lib_a-memcpy-stub.o)
                                                  src/ASF/sam0/drivers/sercom/sercom_interrupt.o
memset                                            c:/program files (x86)/atmel/studio/7.0/toolchain/arm/arm-gnu-toolchain/bin/../lib/gcc/arm-none-eabi/5.3.1/../../../../arm-none-eabi/lib/armv6-m\libc_nano.a(lib_a-memset.o)
                                                  c:/program files (x86)/atmel/studio/7.0/toolchain/arm/arm-gnu-toolchain/bin/../lib/gcc/arm-none-eabi/5.3.1/../../../../arm-none-eabi/lib/armv6-m/crt0.o
myBoard_init                                      src/main.o
port_group_set_config                             src/ASF/sam0/drivers/port/port.o
port_pin_set_config                               src/ASF/sam0/drivers/port/port.o
                                                  src/main.o
ptr_get                                           src/ASF/sam0/utils/stdio/read.o
ptr_put                                           src/ASF/sam0/utils/stdio/write.o
sercom_set_gclk_generator                         src/ASF/sam0/drivers/sercom/sercom.o
                                                  src/ASF/sam0/drivers/sercom/usart/usart.o
                                                  src/ASF/sam0/drivers/sercom/i2c/i2c_sam0/i2c_master.o
software_init_hook                                c:/program files (x86)/atmel/studio/7.0/toolchain/arm/arm-gnu-toolchain/bin/../lib/gcc/arm-none-eabi/5.3.1/../../../../arm-none-eabi/lib/armv6-m/crt0.o
stdio_base                                        src/ASF/sam0/utils/stdio/write.o
                                                  src/ASF/sam0/utils/stdio/read.o
system_board_init                                 src/ASF/common2/boards/user_board/init.o
system_clock_init                                 src/ASF/sam0/drivers/system/clock/clock_samd21_r21_da/clock.o
system_clock_source_dfll_set_config               src/ASF/sam0/drivers/system/clock/clock_samd21_r21_da/clock.o
system_clock_source_disable                       src/ASF/sam0/drivers/system/clock/clock_samd21_r21_da/clock.o
system_clock_source_dpll_set_config               src/ASF/sam0/drivers/system/clock/clock_samd21_r21_da/clock.o
system_clock_source_enable                        src/ASF/sam0/drivers/system/clock/clock_samd21_r21_da/clock.o
system_clock_source_get_hz                        src/ASF/sam0/drivers/system/clock/clock_samd21_r21_da/clock.o
                                                  src/ASF/sam0/drivers/system/clock/clock_samd21_r21_da/gclk.o
system_clock_source_is_ready                      src/ASF/sam0/drivers/system/clock/clock_samd21_r21_da/clock.o
system_clock_source_osc32k_set_config             src/ASF/sam0/drivers/system/clock/clock_samd21_r21_da/clock.o
system_clock_source_osc8m_set_config              src/ASF/sam0/drivers/system/clock/clock_samd21_r21_da/clock.o
system_clock_source_write_calibration             src/ASF/sam0/drivers/system/clock/clock_samd21_r21_da/clock.o
system_clock_source_xosc32k_set_config            src/ASF/sam0/drivers/system/clock/clock_samd21_r21_da/clock.o
system_clock_source_xosc_set_config               src/ASF/sam0/drivers/system/clock/clock_samd21_r21_da/clock.o
system_gclk_chan_disable                          src/ASF/sam0/drivers/system/clock/clock_samd21_r21_da/gclk.o
                                                  src/ASF/sam0/drivers/extint/extint_sam_d_r/extint.o
system_gclk_chan_enable                           src/ASF/sam0/drivers/system/clock/clock_samd21_r21_da/gclk.o
                                                  src/ASF/sam0/drivers/sercom/sercom.o
                                                  src/ASF/sam0/drivers/sercom/usart/usart.o
                                                  src/ASF/sam0/drivers/sercom/i2c/i2c_sam0/i2c_master.o
                                                  src/ASF/sam0/drivers/extint/extint_sam_d_r/extint.o
system_gclk_chan_get_hz                           src/ASF/sam0/drivers/system/clock/clock_samd21_r21_da/gclk.o
                                                  src/ASF/sam0/drivers/system/clock/clock_samd21_r21_da/clock.o
                                                  src/ASF/sam0/drivers/sercom/usart/usart.o
                                                  src/ASF/sam0/drivers/sercom/i2c/i2c_sam0/i2c_master.o
system_gclk_chan_is_enabled                       src/ASF/sam0/drivers/system/clock/clock_samd21_r21_da/gclk.o
system_gclk_chan_is_locked                        src/ASF/sam0/drivers/system/clock/clock_samd21_r21_da/gclk.o
system_gclk_chan_lock                             src/ASF/sam0/drivers/system/clock/clock_samd21_r21_da/gclk.o
system_gclk_chan_set_config                       src/ASF/sam0/drivers/system/clock/clock_samd21_r21_da/gclk.o
                                                  src/ASF/sam0/drivers/system/clock/clock_samd21_r21_da/clock.o
                                                  src/ASF/sam0/drivers/sercom/sercom.o
                                                  src/ASF/sam0/drivers/sercom/usart/usart.o
                                                  src/ASF/sam0/drivers/sercom/i2c/i2c_sam0/i2c_master.o
                                                  src/ASF/sam0/drivers/extint/extint_sam_d_r/extint.o
system_gclk_gen_disable                           src/ASF/sam0/drivers/system/clock/clock_samd21_r21_da/gclk.o
system_gclk_gen_enable                            src/ASF/sam0/drivers/system/clock/clock_samd21_r21_da/gclk.o
                                                  src/ASF/sam0/drivers/system/clock/clock_samd21_r21_da/clock.o
system_gclk_gen_get_hz                            src/ASF/sam0/drivers/system/clock/clock_samd21_r21_da/gclk.o
                                                  src/ASF/common2/services/delay/sam0/systick_counter.o
system_gclk_gen_is_enabled                        src/ASF/sam0/drivers/system/clock/clock_samd21_r21_da/gclk.o
system_gclk_gen_set_config                        src/ASF/sam0/drivers/system/clock/clock_samd21_r21_da/gclk.o
                                                  src/ASF/sam0/drivers/system/clock/clock_samd21_r21_da/clock.o
system_gclk_init                                  src/ASF/sam0/drivers/system/clock/clock_samd21_r21_da/gclk.o
                                                  src/ASF/sam0/drivers/system/clock/clock_samd21_r21_da/clock.o
system_init                                       src/ASF/sam0/drivers/system/system.o
                                                  src/main.o
system_interrupt_clear_pending                    src/ASF/sam0/drivers/system/interrupt/system_interrupt.o
                                                  src/ASF/sam0/drivers/sercom/i2c/i2c_sam0/i2c_master.o
system_interrupt_get_priority                     src/ASF/sam0/drivers/system/interrupt/system_interrupt.o
system_interrupt_is_pending                       src/ASF/sam0/drivers/system/interrupt/system_interrupt.o
system_interrupt_set_pending                      src/ASF/sam0/drivers/system/interrupt/system_interrupt.o
system_interrupt_set_priority                     src/ASF/sam0/drivers/system/interrupt/system_interrupt.o
system_pinmux_group_set_config                    src/ASF/sam0/drivers/system/pinmux/pinmux.o
                                                  src/ASF/sam0/drivers/port/port.o
system_pinmux_group_set_input_sample_mode         src/ASF/sam0/drivers/system/pinmux/pinmux.o
system_pinmux_group_set_output_strength           src/ASF/sam0/drivers/system/pinmux/pinmux.o
system_pinmux_pin_set_config                      src/ASF/sam0/drivers/system/pinmux/pinmux.o
                                                  src/ASF/sam0/drivers/port/port.o
                                                  src/ASF/sam0/drivers/sercom/usart/usart.o
                                                  src/ASF/sam0/drivers/sercom/i2c/i2c_sam0/i2c_master.o
                                                  src/ASF/sam0/drivers/extint/extint_sam_d_r/extint.o
usart_abort_job                                   src/ASF/sam0/drivers/sercom/usart/usart_interrupt.o
usart_get_job_status                              src/ASF/sam0/drivers/sercom/usart/usart_interrupt.o
usart_init                                        src/ASF/sam0/drivers/sercom/usart/usart.o
usart_read_buffer_job                             src/ASF/sam0/drivers/sercom/usart/usart_interrupt.o
usart_read_buffer_wait                            src/ASF/sam0/drivers/sercom/usart/usart.o
usart_read_job                                    src/ASF/sam0/drivers/sercom/usart/usart_interrupt.o
usart_read_wait                                   src/ASF/sam0/drivers/sercom/usart/usart.o
usart_register_callback                           src/ASF/sam0/drivers/sercom/usart/usart_interrupt.o
usart_unregister_callback                         src/ASF/sam0/drivers/sercom/usart/usart_interrupt.o
usart_write_buffer_job                            src/ASF/sam0/drivers/sercom/usart/usart_interrupt.o
usart_write_buffer_wait                           src/ASF/sam0/drivers/sercom/usart/usart.o
usart_write_job                                   src/ASF/sam0/drivers/sercom/usart/usart_interrupt.o
usart_write_wait                                  src/ASF/sam0/drivers/sercom/usart/usart.o
